###############################################################################
#
# IAR ELF Linker V9.30.1.335/W64 for ARM                  31/Oct/2022  07:41:03
# Copyright 2007-2022 IAR Systems AB.
#
#    Output file  =
#        C:\Users\m1856\Desktop\Embedded_C\lesson16-RTOS\Debug\Exe\work2.out
#    Map file     =
#        C:\Users\m1856\Desktop\Embedded_C\lesson16-RTOS\Debug\List\work2.map
#    Command line =
#        -f
#        C:\Users\m1856\Desktop\Embedded_C\lesson16-RTOS\Debug\Exe\work2.out.rsp
#        (C:\Users\m1856\Desktop\Embedded_C\lesson16-RTOS\Debug\Obj\bsp.o
#        C:\Users\m1856\Desktop\Embedded_C\lesson16-RTOS\Debug\Obj\main.o
#        C:\Users\m1856\Desktop\Embedded_C\lesson16-RTOS\Debug\Obj\Miros.o
#        --no_out_extension -o
#        C:\Users\m1856\Desktop\Embedded_C\lesson16-RTOS\Debug\Exe\work2.out
#        --redirect _Printf=_PrintfFullNoMb --redirect _Scanf=_ScanfFullNoMb
#        --map
#        C:\Users\m1856\Desktop\Embedded_C\lesson16-RTOS\Debug\List\work2.map
#        --config C:\arm/config/linker/TexasInstruments/TM4C123GH6.icf
#        --semihosting --entry __iar_program_start --vfe --text_out locale
#        --cpu=Cortex-M4 --fpu=None)
#
###############################################################################

*******************************************************************************
*** RUNTIME MODEL ATTRIBUTES
***

CppFlavor       = *
__CPP_Runtime   = 1
__SystemLibrary = DLib
__dlib_version  = 6


*******************************************************************************
*** HEAP SELECTION
***

The basic heap was selected because --advanced_heap
was not specified and the application did not appear to
be primarily optimized for speed.


*******************************************************************************
*** PLACEMENT SUMMARY
***

"A0":  place at address 0x0 { ro section .intvec };
"P1":  place in [from 0x0 to 0x3'ffff] { ro };
define block CSTACK with size = 4K, alignment = 8 { };
define block HEAP with size = 8K, alignment = 8 { };
"P2":  place in [from 0x2000'0000 to 0x2000'7fff] {
          rw, block CSTACK, block HEAP };

  Section          Kind         Address    Size  Object
  -------          ----         -------    ----  ------
"A0":                                      0x40
  .intvec          ro code          0x0    0x40  vector_table_M.o [3]
                                 - 0x40    0x40

"P1":                                     0x2c0
  .text            ro code         0x40    0xf4  Miros.o [1]
  .text            ro code        0x134    0xa8  bsp.o [1]
  .text            ro code        0x1dc    0x50  main.o [1]
  .text            ro code        0x22c    0x38  zero_init3.o [3]
  .text            ro code        0x264    0x28  data_init.o [3]
  .iar.init_table  const          0x28c    0x10  - Linker created -
  .text            ro code        0x29c    0x1e  cmain.o [3]
  .text            ro code        0x2ba     0x4  low_level_init.o [2]
  .text            ro code        0x2be     0x4  exit.o [2]
  .text            ro code        0x2c2     0x2  vectortrap_M.o [3]
  .text            ro code        0x2c4     0xa  cexit.o [3]
  .text            ro code        0x2d0    0x14  exit.o [4]
  .text            ro code        0x2e4    0x1c  cstartup_M.o [3]
  .rodata          const          0x300     0x0  zero_init3.o [3]
                                - 0x300   0x2c0

"P2", part 1 of 2:                        0x150
  .bss             zero     0x2000'0000    0xa0  main.o [1]
  .bss             zero     0x2000'00a0    0xa0  main.o [1]
  .bss             zero     0x2000'0140     0x4  main.o [1]
  .bss             zero     0x2000'0144     0x4  main.o [1]
  .bss             zero     0x2000'0148     0x4  Miros.o [1]
  .bss             zero     0x2000'014c     0x4  Miros.o [1]
                          - 0x2000'0150   0x150

"P2", part 2 of 2:                       0x1000
  CSTACK                    0x2000'0150  0x1000  <Block>
    CSTACK         uninit   0x2000'0150  0x1000  <Block tail>
                          - 0x2000'1150  0x1000

Unused ranges:

         From           To      Size
         ----           --      ----
        0x300     0x3'ffff  0x3'fd00
  0x2000'1150  0x2000'7fff    0x6eb0


*******************************************************************************
*** INIT TABLE
***

          Address      Size
          -------      ----
Zero (__iar_zero_init3)
    1 destination range, total size 0x150:
          0x2000'0000  0x150



*******************************************************************************
*** MODULE SUMMARY
***

    Module            ro code  ro data  rw data
    ------            -------  -------  -------
command line/config:
    -------------------------------------------
    Total:

C:\Users\m1856\Desktop\Embedded_C\lesson16-RTOS\Debug\Obj: [1]
    Miros.o               244                 8
    bsp.o                 168
    main.o                 80               328
    -------------------------------------------
    Total:                492               336

dl7M_tln.a: [2]
    exit.o                  4
    low_level_init.o        4
    -------------------------------------------
    Total:                  8

rt7M_tl.a: [3]
    cexit.o                10
    cmain.o                30
    cstartup_M.o           28
    data_init.o            40
    vector_table_M.o       64
    vectortrap_M.o          2
    zero_init3.o           56
    -------------------------------------------
    Total:                230

shb_l.a: [4]
    exit.o                 20
    -------------------------------------------
    Total:                 20

    Gaps                    2
    Linker created                  16    4'096
-----------------------------------------------
    Grand Total:          752       16    4'432


*******************************************************************************
*** ENTRY LIST
***

Entry                       Address  Size  Type      Object
-----                       -------  ----  ----      ------
.iar.init_table$$Base         0x28c         --   Gb  - Linker created -
.iar.init_table$$Limit        0x29c         --   Gb  - Linker created -
?main                         0x29d        Code  Gb  cmain.o [3]
BusFault_Handler              0x2c3        Code  Wk  vectortrap_M.o [3]
CSTACK$$Base            0x2000'0150         --   Gb  - Linker created -
CSTACK$$Limit           0x2000'1150         --   Gb  - Linker created -
DebugMon_Handler              0x2c3        Code  Wk  vectortrap_M.o [3]
HardFault_Handler             0x2c3        Code  Wk  vectortrap_M.o [3]
LED_BLUE_OFF                  0x159   0xc  Code  Gb  bsp.o [1]
LED_BLUE_ON                   0x14d   0xc  Code  Gb  bsp.o [1]
LED_GREEN_OFF                 0x141   0xc  Code  Gb  bsp.o [1]
LED_GREEN_ON                  0x135   0xc  Code  Gb  bsp.o [1]
MemManage_Handler             0x2c3        Code  Wk  vectortrap_M.o [3]
NMI_Handler                   0x2c3        Code  Wk  vectortrap_M.o [3]
OS_Current              0x2000'0148   0x4  Data  Gb  Miros.o [1]
OS_Next                 0x2000'014c   0x4  Data  Gb  Miros.o [1]
OS_Sched                       0x4d  0x2a  Code  Gb  Miros.o [1]
OS_init                        0x41   0xc  Code  Gb  Miros.o [1]
OSthread_start                 0x77  0x6a  Code  Gb  Miros.o [1]
PendSV_Handler                 0xed  0x2e  Code  Gb  Miros.o [1]
Region$$Table$$Base           0x28c         --   Gb  - Linker created -
Region$$Table$$Limit          0x29c         --   Gb  - Linker created -
SVC_Handler                   0x2c3        Code  Wk  vectortrap_M.o [3]
SysTick_Handler                0xe1   0xc  Code  Gb  Miros.o [1]
UsageFault_Handler            0x2c3        Code  Wk  vectortrap_M.o [3]
__cmain                       0x29d        Code  Gb  cmain.o [3]
__exit                        0x2d1  0x14  Code  Gb  exit.o [4]
__iar_data_init3              0x265  0x28  Code  Gb  data_init.o [3]
__iar_program_start           0x2e5        Code  Gb  cstartup_M.o [3]
__iar_zero_init3              0x22d  0x38  Code  Gb  zero_init3.o [3]
__low_level_init              0x2bb   0x4  Code  Gb  low_level_init.o [2]
__vector_table                  0x0        Data  Gb  vector_table_M.o [3]
_call_main                    0x2a9        Code  Gb  cmain.o [3]
_exit                         0x2c5        Code  Gb  cexit.o [3]
exit                          0x2bf   0x4  Code  Gb  exit.o [2]
init                          0x181  0x30  Code  Gb  bsp.o [1]
main                          0x1f1  0x24  Code  Gb  main.o [1]
main1                         0x1dd   0xa  Code  Gb  main.o [1]
main2                         0x1e7   0xa  Code  Gb  main.o [1]
sp_main1                0x2000'0140   0x4  Data  Gb  main.o [1]
sp_main2                0x2000'0144   0x4  Data  Gb  main.o [1]
stack_main1             0x2000'0000  0xa0  Data  Gb  main.o [1]
stack_main2             0x2000'00a0  0xa0  Data  Gb  main.o [1]
systick_init                  0x165  0x1c  Code  Gb  bsp.o [1]


[1] = C:\Users\m1856\Desktop\Embedded_C\lesson16-RTOS\Debug\Obj
[2] = dl7M_tln.a
[3] = rt7M_tl.a
[4] = shb_l.a

    752 bytes of readonly  code memory
     16 bytes of readonly  data memory
  4'432 bytes of readwrite data memory

Errors: none
Warnings: none
