******************************************************************************
                  TI ARM Linker Unix v20.2.7                   
******************************************************************************
>> Linked Thu Nov 24 07:40:59 2022

OUTPUT FILE NAME:   <test.out>
ENTRY POINT SYMBOL: "_c_int00_noargs"  address: 0000105d


MEMORY CONFIGURATION

         name            origin    length      used     unused   attr    fill
----------------------  --------  ---------  --------  --------  ----  --------
  FLASH                 00000000   00040000  00001266  0003ed9a  R  X
  SRAM                  20000000   00008000  00000248  00007db8  RW X


SEGMENT ALLOCATION MAP

run origin  load origin   length   init length attrs members
----------  ----------- ---------- ----------- ----- -------
00000000    00000000    00001268   00001268    r-x
  00000000    00000000    0000026c   0000026c    r-- .intvecs
  0000026c    0000026c    00000eca   00000eca    r-x .text
  00001138    00001138    00000100   00000100    r-- .const
  00001238    00001238    00000030   00000030    r-- .cinit
20000000    20000000    00000248   00000000    rw-
  20000000    20000000    00000200   00000000    rw- .stack
  20000200    20000200    00000044   00000000    rw- .bss
  20000244    20000244    00000004   00000000    rw- .data


SECTION ALLOCATION MAP

 output                                  attributes/
section   page    origin      length       input sections
--------  ----  ----------  ----------   ----------------
.intvecs   0    00000000    0000026c     
                  00000000    0000026c     tm4c123gh6pm_startup_ccs.obj (.intvecs)

.text      0    0000026c    00000eca     
                  0000026c    0000055c     sha256.obj (.text)
                  000007c8    000002f0     random.obj (.text)
                  00000ab8    00000218     bsp.obj (.text)
                  00000cd0    00000114     tm4c123gh6pm_startup_ccs.obj (.text)
                  00000de4    000000b4     utils.obj (.text)
                  00000e98    0000009c     rtsv7M4_T_le_v4SPD16_eabi.lib : memcpy_t2.asm.obj (.text)
                  00000f34    0000007a                                   : memset_t2.asm.obj (.text)
                  00000fae    00000068                                   : copy_decompress_lzss.c.obj (.text:decompress:lzss:__TI_decompress_lzss)
                  00001016    00000002     --HOLE-- [fill = 0]
                  00001018    00000044                                   : autoinit.c.obj (.text:__TI_auto_init_nobinit_nopinit:__TI_auto_init_nobinit_nopinit)
                  0000105c    00000034                                   : boot_cortex_m.c.obj (.text:_c_int00_noargs:_c_int00_noargs)
                  00001090    00000034     main.obj (.text)
                  000010c4    0000002c     rtsv7M4_T_le_v4SPD16_eabi.lib : strncmp.c.obj (.text:strncmp)
                  000010f0    0000001c                                   : copy_zero_init.c.obj (.text:decompress:ZI:__TI_zero_init_nomemset:__TI_zero_init_nomemset)
                  0000110c    00000014                                   : strlen.c.obj (.text:strlen)
                  00001120    0000000e                                   : copy_decompress_none.c.obj (.text:decompress:none:__TI_decompress_none)
                  0000112e    00000004                                   : pre_init.c.obj (.text:_system_pre_init)
                  00001132    00000004                                   : exit.c.obj (.text:abort:abort)

.const     0    00001138    00000100     
                  00001138    00000100     sha256.obj (.const:k256)

.cinit     0    00001238    00000030     
                  00001238    0000000c     (__TI_handler_table)
                  00001244    00000004     --HOLE-- [fill = 0]
                  00001248    00000008     (.cinit..bss.load) [load image, compression = zero_init]
                  00001250    00000007     (.cinit..data.load) [load image, compression = lzss]
                  00001257    00000001     --HOLE-- [fill = 0]
                  00001258    00000010     (__TI_cinit_table)

.init_array 
*          0    00000000    00000000     UNINITIALIZED

.bss       0    20000200    00000044     UNINITIALIZED
                  20000200    00000040     random.obj (.bss:g_pui32RandomEntropy)
                  20000240    00000004     (.common:seed)

.data      0    20000244    00000004     UNINITIALIZED
                  20000244    00000004     random.obj (.data)

.stack     0    20000000    00000200     UNINITIALIZED
                  20000000    00000004     rtsv7M4_T_le_v4SPD16_eabi.lib : boot_cortex_m.c.obj (.stack)
                  20000004    000001fc     --HOLE--

__llvm_prf_cnts 
*          0    20000000    00000000     UNINITIALIZED

MODULE SUMMARY

       Module                         code   ro data   rw data
       ------                         ----   -------   -------
    ./
       sha256.obj                     1372   256       0      
       tm4c123gh6pm_startup_ccs.obj   276    620       0      
       random.obj                     752    0         68     
       bsp.obj                        536    0         0      
       utils.obj                      180    0         0      
       main.obj                       52     0         4      
    +--+------------------------------+------+---------+---------+
       Total:                         3168   876       72     
                                                              
    /Applications/ti/ccs1210/ccs/tools/compiler/ti-cgt-arm_20.2.7.LTS/lib/rtsv7M4_T_le_v4SPD16_eabi.lib
       memcpy_t2.asm.obj              156    0         0      
       memset_t2.asm.obj              122    0         0      
       copy_decompress_lzss.c.obj     104    0         0      
       autoinit.c.obj                 68     0         0      
       boot_cortex_m.c.obj            52     0         0      
       strncmp.c.obj                  44     0         0      
       copy_zero_init.c.obj           28     0         0      
       strlen.c.obj                   20     0         0      
       copy_decompress_none.c.obj     14     0         0      
       exit.c.obj                     4      0         0      
       pre_init.c.obj                 4      0         0      
    +--+------------------------------+------+---------+---------+
       Total:                         616    0         0      
                                                              
       Stack:                         0      0         512    
       Linker Generated:              0      43        0      
    +--+------------------------------+------+---------+---------+
       Grand Total:                   3784   919       584    


LINKER GENERATED COPY TABLES

__TI_cinit_table @ 00001258 records: 2, size/record: 8, table size: 16
	.bss: load addr=00001248, load size=00000008 bytes, run addr=20000200, run size=00000044 bytes, compression=zero_init
	.data: load addr=00001250, load size=00000007 bytes, run addr=20000244, run size=00000004 bytes, compression=lzss


LINKER GENERATED HANDLER TABLE

__TI_handler_table @ 00001238 records: 3, size/record: 4, table size: 12
	index: 0, handler: __TI_decompress_lzss
	index: 1, handler: __TI_decompress_none
	index: 2, handler: __TI_zero_init


GLOBAL SYMBOLS: SORTED ALPHABETICALLY BY Name 

address   name                          
-------   ----                          
00000bad  BUTTON_SETUP                  
00001133  C$$EXIT                       
00000ab9  GPIOA_SETUP                   
00000d19  GPIOF_Handler                 
000007c9  RandomAddEntropy              
000007f5  RandomSeed                    
00000cd1  ResetISR                      
00000d73  UART0_Handler                 
00000b6b  UART_RX                       
00000ae9  UART_SETUP                    
00000b4f  UART_TX                       
20000200  __STACK_END                   
00000200  __STACK_SIZE                  
20000200  __STACK_TOP                   
00001258  __TI_CINIT_Base               
00001268  __TI_CINIT_Limit              
00001238  __TI_Handler_Table_Base       
00001244  __TI_Handler_Table_Limit      
00001019  __TI_auto_init_nobinit_nopinit
00000faf  __TI_decompress_lzss          
00001121  __TI_decompress_none          
ffffffff  __TI_pprof_out_hndl           
ffffffff  __TI_prof_data_size           
ffffffff  __TI_prof_data_start          
00000000  __TI_static_base__            
000010f1  __TI_zero_init_nomemset       
00000f35  __aeabi_memclr                
00000f35  __aeabi_memclr4               
00000f35  __aeabi_memclr8               
00000e99  __aeabi_memcpy                
00000e99  __aeabi_memcpy4               
00000e99  __aeabi_memcpy8               
00000f37  __aeabi_memset                
00000f37  __aeabi_memset4               
00000f37  __aeabi_memset8               
ffffffff  __binit__                     
ffffffff  __c_args__                    
UNDEFED   __mpu_init                    
20000000  __stack                       
20000000  __start___llvm_prf_cnts       
20000000  __stop___llvm_prf_cnts        
0000105d  _c_int00_noargs               
00000e47  _compare                      
00000de5  _copy                         
00000e27  _double_byte                  
00000e0f  _set                          
UNDEFED   _system_post_cinit            
0000112f  _system_pre_init              
00001133  abort                         
ffffffff  binit                         
00000cdd  encrypt                       
00000000  g_pfnVectors                  
00000c2d  get_command                   
00001091  main                          
00000e99  memcpy                        
00000f3d  memset                        
00000b87  print_str                     
20000240  seed                          
0000110d  strlen                        
000010c5  strncmp                       
000003a3  tc_sha256_final               
000002d9  tc_sha256_init                
00000323  tc_sha256_update              


GLOBAL SYMBOLS: SORTED BY Symbol Address 

address   name                          
-------   ----                          
00000000  __TI_static_base__            
00000000  g_pfnVectors                  
00000200  __STACK_SIZE                  
000002d9  tc_sha256_init                
00000323  tc_sha256_update              
000003a3  tc_sha256_final               
000007c9  RandomAddEntropy              
000007f5  RandomSeed                    
00000ab9  GPIOA_SETUP                   
00000ae9  UART_SETUP                    
00000b4f  UART_TX                       
00000b6b  UART_RX                       
00000b87  print_str                     
00000bad  BUTTON_SETUP                  
00000c2d  get_command                   
00000cd1  ResetISR                      
00000cdd  encrypt                       
00000d19  GPIOF_Handler                 
00000d73  UART0_Handler                 
00000de5  _copy                         
00000e0f  _set                          
00000e27  _double_byte                  
00000e47  _compare                      
00000e99  __aeabi_memcpy                
00000e99  __aeabi_memcpy4               
00000e99  __aeabi_memcpy8               
00000e99  memcpy                        
00000f35  __aeabi_memclr                
00000f35  __aeabi_memclr4               
00000f35  __aeabi_memclr8               
00000f37  __aeabi_memset                
00000f37  __aeabi_memset4               
00000f37  __aeabi_memset8               
00000f3d  memset                        
00000faf  __TI_decompress_lzss          
00001019  __TI_auto_init_nobinit_nopinit
0000105d  _c_int00_noargs               
00001091  main                          
000010c5  strncmp                       
000010f1  __TI_zero_init_nomemset       
0000110d  strlen                        
00001121  __TI_decompress_none          
0000112f  _system_pre_init              
00001133  C$$EXIT                       
00001133  abort                         
00001238  __TI_Handler_Table_Base       
00001244  __TI_Handler_Table_Limit      
00001258  __TI_CINIT_Base               
00001268  __TI_CINIT_Limit              
20000000  __stack                       
20000000  __start___llvm_prf_cnts       
20000000  __stop___llvm_prf_cnts        
20000200  __STACK_END                   
20000200  __STACK_TOP                   
20000240  seed                          
ffffffff  __TI_pprof_out_hndl           
ffffffff  __TI_prof_data_size           
ffffffff  __TI_prof_data_start          
ffffffff  __binit__                     
ffffffff  __c_args__                    
ffffffff  binit                         
UNDEFED   __mpu_init                    
UNDEFED   _system_post_cinit            

[63 symbols]
