###############################################################################
#
# IAR ELF Linker V9.30.1.335/W64 for ARM                  31/Oct/2022  18:56:49
# Copyright 2007-2022 IAR Systems AB.
#
#    Output file  =  C:\Users\m1856\Desktop\Embedded_C\uart\Debug\Exe\UART.out
#    Map file     =  C:\Users\m1856\Desktop\Embedded_C\uart\Debug\List\UART.map
#    Command line =
#        -f C:\Users\m1856\Desktop\Embedded_C\uart\Debug\Exe\UART.out.rsp
#        (C:\Users\m1856\Desktop\Embedded_C\uart\Debug\Obj\bsp.o
#        C:\Users\m1856\Desktop\Embedded_C\uart\Debug\Obj\main.o
#        --no_out_extension -o
#        C:\Users\m1856\Desktop\Embedded_C\uart\Debug\Exe\UART.out --redirect
#        _Printf=_PrintfFullNoMb --redirect _Scanf=_ScanfFullNoMb --map
#        C:\Users\m1856\Desktop\Embedded_C\uart\Debug\List\UART.map --config
#        C:\arm/config/linker/TexasInstruments/TM4C123GH6.icf --semihosting
#        --entry __iar_program_start --vfe --text_out locale --cpu=Cortex-M4
#        --fpu=VFPv4_sp)
#
###############################################################################

*******************************************************************************
*** RUNTIME MODEL ATTRIBUTES
***

CppFlavor       = *
__CPP_Runtime   = 1
__SystemLibrary = DLib
__dlib_version  = 6


*******************************************************************************
*** HEAP SELECTION
***

The basic heap was selected because --advanced_heap
was not specified and the application did not appear to
be primarily optimized for speed.


*******************************************************************************
*** PLACEMENT SUMMARY
***

"A0":  place at address 0x0 { ro section .intvec };
"P1":  place in [from 0x0 to 0x3'ffff] { ro };
define block CSTACK with size = 4K, alignment = 8 { };
define block HEAP with size = 8K, alignment = 8 { };
"P2":  place in [from 0x2000'0000 to 0x2000'7fff] {
          rw, block CSTACK, block HEAP };

No sections matched the following patterns:

  rw  in "P2"


  Section   Kind         Address    Size  Object
  -------   ----         -------    ----  ------
"A0":                               0x40
  .intvec   ro code          0x0    0x40  vector_table_M.o [4]
                          - 0x40    0x40

"P1":                              0x230
  .text     ro code         0x40    0xdc  bsp.o [1]
  .text     ro code        0x11c    0x66  ABImemset.o [4]
  .text     ro code        0x182    0x52  main.o [1]
  .text     ro code        0x1d4    0x14  memset.o [4]
  .text     ro code        0x1e8    0x22  fpinit_M.o [3]
  .text     ro code        0x20a     0x2  vectortrap_M.o [4]
  .text     ro code        0x20c    0x1e  cmain.o [4]
  .text     ro code        0x22a     0x4  low_level_init.o [2]
  .text     ro code        0x22e     0x4  exit.o [2]
  .text     ro code        0x234     0xa  cexit.o [4]
  .text     ro code        0x240    0x14  exit.o [5]
  .text     ro code        0x254    0x1c  cstartup_M.o [4]
                         - 0x270   0x230

"P2":                             0x1000
  CSTACK             0x2000'0000  0x1000  <Block>
    CSTACK  uninit   0x2000'0000  0x1000  <Block tail>
                   - 0x2000'1000  0x1000

Unused ranges:

         From           To      Size
         ----           --      ----
        0x270     0x3'ffff  0x3'fd90
  0x2000'1000  0x2000'7fff    0x7000



*******************************************************************************
*** MODULE SUMMARY
***

    Module            ro code  rw data
    ------            -------  -------
command line/config:
    ----------------------------------
    Total:

C:\Users\m1856\Desktop\Embedded_C\uart\Debug\Obj: [1]
    bsp.o                 220
    main.o                 82
    ----------------------------------
    Total:                302

dl7M_tln.a: [2]
    exit.o                  4
    low_level_init.o        4
    ----------------------------------
    Total:                  8

m7M_tls.a: [3]
    fpinit_M.o             34
    ----------------------------------
    Total:                 34

rt7M_tl.a: [4]
    ABImemset.o           102
    cexit.o                10
    cmain.o                30
    cstartup_M.o           28
    memset.o               20
    vector_table_M.o       64
    vectortrap_M.o          2
    ----------------------------------
    Total:                256

shb_l.a: [5]
    exit.o                 20
    ----------------------------------
    Total:                 20

    Gaps                    4
    Linker created               4'096
--------------------------------------
    Grand Total:          624    4'096


*******************************************************************************
*** ENTRY LIST
***

Entry                     Address  Size  Type      Object
-----                     -------  ----  ----      ------
?main                       0x20d        Code  Gb  cmain.o [4]
BusFault_Handler            0x20b        Code  Wk  vectortrap_M.o [4]
CSTACK$$Base          0x2000'0000         --   Gb  - Linker created -
CSTACK$$Limit         0x2000'1000         --   Gb  - Linker created -
DebugMon_Handler            0x20b        Code  Wk  vectortrap_M.o [4]
GPIOA_SETUP                  0x41  0x2e  Code  Gb  bsp.o [1]
HardFault_Handler           0x20b        Code  Wk  vectortrap_M.o [4]
MemManage_Handler           0x20b        Code  Wk  vectortrap_M.o [4]
NMI_Handler                 0x20b        Code  Wk  vectortrap_M.o [4]
PendSV_Handler              0x20b        Code  Wk  vectortrap_M.o [4]
Region$$Table$$Base           0x0         --   Gb  - Linker created -
Region$$Table$$Limit          0x0         --   Gb  - Linker created -
SVC_Handler                 0x20b        Code  Wk  vectortrap_M.o [4]
SysTick_Handler             0x20b        Code  Wk  vectortrap_M.o [4]
UART_RX                      0xc3  0x10  Code  Gb  bsp.o [1]
UART_SETUP                   0x6f  0x44  Code  Gb  bsp.o [1]
UART_TX                      0xb3  0x10  Code  Gb  bsp.o [1]
UsageFault_Handler          0x20b        Code  Wk  vectortrap_M.o [4]
__aeabi_memset              0x11d        Code  Gb  ABImemset.o [4]
__cmain                     0x20d        Code  Gb  cmain.o [4]
__exit                      0x241  0x14  Code  Gb  exit.o [5]
__iar_Memset                0x11d        Code  Gb  ABImemset.o [4]
__iar_Memset_word           0x125        Code  Gb  ABImemset.o [4]
__iar_init_vfp              0x1e9        Code  Gb  fpinit_M.o [3]
__iar_program_start         0x255        Code  Gb  cstartup_M.o [4]
__low_level_init            0x22b   0x4  Code  Gb  low_level_init.o [2]
__vector_table                0x0        Data  Gb  vector_table_M.o [4]
_call_main                  0x219        Code  Gb  cmain.o [4]
_exit                       0x235        Code  Gb  cexit.o [4]
exit                        0x22f   0x4  Code  Gb  exit.o [2]
get_command                 0x183  0x26  Code  Gb  main.o [1]
main                        0x1a9  0x2c  Code  Gb  main.o [1]
memset                      0x1d5  0x14  Code  Gb  memset.o [4]
print_str                   0x105  0x18  Code  Gb  bsp.o [1]


[1] = C:\Users\m1856\Desktop\Embedded_C\uart\Debug\Obj
[2] = dl7M_tln.a
[3] = m7M_tls.a
[4] = rt7M_tl.a
[5] = shb_l.a

    624 bytes of readonly  code memory
  4'096 bytes of readwrite data memory

Errors: none
Warnings: none
